---
source: onek-backend/src/tests.rs
expression: info.to_snapshot()
---
player_loc: (2, 1)
view:
????????????????????
????????????????????
????????????????????
????????????????????
????????????????????
????????????????????
????????????????????
????????????????????
????????????????????
????????####????????
????????#.@#????????
????????####????????
????????????????????
????????????????????
????????????????????
????????????????????
????????????????????
????????????????????
????????????????????
????????????????????

notes:


