---
source: onek-invariant/src/tests.rs
expression: view.to_snapshot(&state)
---
????????????????????
????????????????????
????????????????????
????????????????????
????????????????????
????????????????????
????????????????????
????????????????????
????????????????????
????????####????????
????????# @#????????
????????####????????
????????????????????
????????????????????
????????????????????
????????????????????
????????????????????
????????????????????
????????????????????
????????????????????

