---
source: src/backend/player_actions.rs
expression: level
---
==== Visible ===================================
                    
                    
                    
                    
                    
                    
                    
                    
                    
         ###        
         #0#        
         ###        
                    
                    
                    
                    
                    
                    
                    
                    

0 at (1, 1)
   .
   Player

==== Not visible ===================================

==== Game ===================================

